SLF4J(W): No SLF4J providers were found.
SLF4J(W): Defaulting to no-operation (NOP) logger implementation
SLF4J(W): See https://www.slf4j.org/codes.html#noProviders for further details.
0    INFO  XtextGenerator     - Initializing Xtext generator
257  INFO  XtextGenerator     - Generating org.openhab.core.model.sitemap.Sitemap
343  INFO  EMFGeneratorFragment2 - Generating EMF model code
3710 INFO  XtextGenerator     - Generating common infrastructure
3718 INFO  Workflow           - Done.
[ERROR] COMPILATION ERROR : 
[ERROR] /Users/kgoderis/Development/openhab/git/openhab-core/bundles/org.openhab.core.ai.common/src/main/java/org/openhab/core/ai/common/config/AIProtocolConfiguration.java:[237,71] Null type mismatch (type annotations): required 'java.lang.@NonNull String' but this expression has type 'java.lang.@Nullable String'
[ERROR] Failed to execute goal org.apache.maven.plugins:maven-compiler-plugin:3.14.0:compile (default-compile) on project org.openhab.core.ai.common: Compilation failure
[ERROR] /Users/kgoderis/Development/openhab/git/openhab-core/bundles/org.openhab.core.ai.common/src/main/java/org/openhab/core/ai/common/config/AIProtocolConfiguration.java:[237,71] Null type mismatch (type annotations): required 'java.lang.@NonNull String' but this expression has type 'java.lang.@Nullable String'
[ERROR] 
[ERROR] -> [Help 1]
[ERROR] 
[ERROR] To see the full stack trace of the errors, re-run Maven with the -e switch.
[ERROR] Re-run Maven using the -X switch to enable full debug logging.
[ERROR] 
[ERROR] For more information about the errors and possible solutions, please read the following articles:
[ERROR] [Help 1] http://cwiki.apache.org/confluence/display/MAVEN/MojoFailureException
[ERROR] 
[ERROR] After correcting the problems, you can resume the build with the command
[ERROR]   mvn <args> -rf :org.openhab.core.ai.common
